src/app/(auth)/login/page.tsx(93,13): error TS2353: Object literal may only specify known properties, and 'permissions' does not exist in type 'User'.
src/app/(auth)/login/page.tsx(122,13): error TS2353: Object literal may only specify known properties, and 'permissions' does not exist in type 'User'.
src/app/(public)/article/[slug]/page.tsx(27,31): error TS2339: Property 'fetch' does not exist on type 'AxiosInstance'.
src/app/(public)/article/page.tsx(105,15): error TS2339: Property 'fetch' does not exist on type 'AxiosInstance'.
src/app/(public)/article/page.tsx(106,15): error TS2339: Property 'fetch' does not exist on type 'AxiosInstance'.
src/app/(public)/gallery/page.tsx(69,31): error TS2339: Property 'fetch' does not exist on type 'AxiosInstance'.
src/app/(public)/menu/page.tsx(150,15): error TS2339: Property 'fetch' does not exist on type 'AxiosInstance'.
src/app/(public)/menu/page.tsx(151,15): error TS2339: Property 'fetch' does not exist on type 'AxiosInstance'.
src/app/(public)/page.tsx(30,15): error TS2339: Property 'fetch' does not exist on type 'AxiosInstance'.
src/app/(public)/page.tsx(31,15): error TS2339: Property 'fetch' does not exist on type 'AxiosInstance'.
src/app/(public)/page.tsx(32,15): error TS2339: Property 'fetch' does not exist on type 'AxiosInstance'.
src/app/(public)/reservation/page.tsx(137,29): error TS2339: Property 'fetch' does not exist on type 'AxiosInstance'.
src/app/(public)/reservation/status/page.tsx(26,29): error TS2339: Property 'fetch' does not exist on type 'AxiosInstance'.
src/features/article/index.ts(2,15): error TS2307: Cannot find module './components' or its corresponding type declarations.
src/features/authentication/hooks/use-auth.ts(8,41): error TS2339: Property 'isLoading' does not exist on type 'AuthState'.
src/features/authentication/hooks/use-auth.ts(8,52): error TS2339: Property 'login' does not exist on type 'AuthState'.
src/features/authentication/hooks/use-auth.ts(8,67): error TS2339: Property 'fetchProfile' does not exist on type 'AuthState'.
src/features/authentication/index.ts(2,15): error TS2307: Cannot find module './components' or its corresponding type declarations.
src/features/cashier/index.ts(2,15): error TS2307: Cannot find module './components' or its corresponding type declarations.
src/features/cms/index.ts(2,15): error TS2307: Cannot find module './components' or its corresponding type declarations.
src/features/dashboard/index.ts(2,15): error TS2307: Cannot find module './components' or its corresponding type declarations.
src/features/gallery/index.ts(2,15): error TS2307: Cannot find module './components' or its corresponding type declarations.
src/features/inventory/index.ts(2,15): error TS2307: Cannot find module './components' or its corresponding type declarations.
src/features/landing/components/hero/hero-slider.tsx(83,49): error TS2339: Property 'image_url' does not exist on type 'HeroBannerData | { title: string; subtitle: string; cta_text: string; id: number; }'.
  Property 'image_url' does not exist on type '{ title: string; subtitle: string; cta_text: string; id: number; }'.
src/features/landing/components/hero/hero-slider.tsx(108,38): error TS2339: Property 'cta_link' does not exist on type 'HeroBannerData | { title: string; subtitle: string; cta_text: string; id: number; }'.
  Property 'cta_link' does not exist on type '{ title: string; subtitle: string; cta_text: string; id: number; }'.
src/features/landing/components/navbar/header.tsx(21,42): error TS2339: Property 'featured' does not exist on type '{ home: string; about: string; menu: string; reservations: string; journal: string; gallery: string; orderOnline: string; }'.
src/features/landing/components/navbar/header.tsx(23,41): error TS2339: Property 'journey' does not exist on type '{ home: string; about: string; menu: string; reservations: string; journal: string; gallery: string; orderOnline: string; }'.
src/features/landing/components/navbar/header.tsx(24,41): error TS2339: Property 'reviews' does not exist on type '{ home: string; about: string; menu: string; reservations: string; journal: string; gallery: string; orderOnline: string; }'.
src/features/landing/components/navbar/header.tsx(26,43): error TS2339: Property 'locations' does not exist on type '{ home: string; about: string; menu: string; reservations: string; journal: string; gallery: string; orderOnline: string; }'.
src/features/landing/components/testimonial/testimonials-section.tsx(76,15): error TS2339: Property 'success' does not exist on type 'AxiosResponse<any, any, {}>'.
src/features/landing/components/testimonial/testimonials-section.tsx(88,9): error TS2322: Type '"destructive"' is not assignable to type 'ToastVariant | undefined'.
src/features/landing/index.ts(2,15): error TS2307: Cannot find module './components' or its corresponding type declarations.
src/features/menu/index.ts(2,15): error TS2307: Cannot find module './components' or its corresponding type declarations.
src/features/promotion/index.ts(2,15): error TS2307: Cannot find module './components' or its corresponding type declarations.
src/features/report/index.ts(2,15): error TS2307: Cannot find module './components' or its corresponding type declarations.
src/features/reservation/index.ts(2,15): error TS2307: Cannot find module './components' or its corresponding type declarations.
src/features/settings/index.ts(2,15): error TS2307: Cannot find module './components' or its corresponding type declarations.
src/features/users/index.ts(2,15): error TS2307: Cannot find module './components' or its corresponding type declarations.
src/shared/hooks/use-branch-scope.ts(20,16): error TS2339: Property 'branch_id' does not exist on type 'User'.
src/shared/hooks/use-branch-scope.ts(21,16): error TS2339: Property 'scoped_branch_ids' does not exist on type 'User'.
src/shared/hooks/use-branch-scope.ts(21,56): error TS2339: Property 'scoped_branch_ids' does not exist on type 'User'.
src/shared/hooks/use-branch-scope.ts(22,21): error TS2339: Property 'scoped_branch_ids' does not exist on type 'User'.
src/shared/hooks/use-permission.ts(18,17): error TS2339: Property 'permissions' does not exist on type 'User'.
src/shared/hooks/use-permission.ts(18,52): error TS2339: Property 'permissions' does not exist on type 'User'.
src/shared/hooks/use-permission.ts(22,19): error TS2339: Property 'permissions' does not exist on type 'User'.
src/shared/providers/auth-provider.tsx(12,11): error TS2339: Property 'fetchProfile' does not exist on type 'AuthState'.
src/shared/providers/auth-provider.tsx(39,15): error TS2353: Object literal may only specify known properties, and 'permissions' does not exist in type 'User'.
src/shared/repositories/menu.repository.ts(7,41): error TS2345: Argument of type 'RegExp' is not assignable to parameter of type 'string'.
